[    0.000000] Linux version 4.15.0-64-generic (buildd@lgw01-amd64-038) (gcc version 7.4.0 (Ubuntu 7.4.0-1ubuntu1~18.04.1)) #73-Ubuntu SMP Thu Sep 12 13:16:13 UTC 2019 (Ubuntu 4.15.0-64.73-generic 4.15.18)
[    0.000000] Command line: BOOT_IMAGE=/boot/vmlinuz-4.15.0-64-generic root=LABEL=cloudimg-rootfs ro console=tty1 console=ttyS0
[    0.000000] KERNEL supported cpus:
[    0.000000]   Intel GenuineIntel
[    0.000000]   AMD AuthenticAMD
[    0.000000]   Centaur CentaurHauls
[    0.000000] x86/fpu: Supporting XSAVE feature 0x001: 'x87 floating point registers'
[    0.000000] x86/fpu: Supporting XSAVE feature 0x002: 'SSE registers'
[    0.000000] x86/fpu: Supporting XSAVE feature 0x004: 'AVX registers'
[    0.000000] x86/fpu: xstate_offset[2]:  576, xstate_sizes[2]:  256
[    0.000000] x86/fpu: Enabled xstate features 0x7, context size is 832 bytes, using 'standard' format.
[    0.000000] e820: BIOS-provided physical RAM map:
[    0.000000] BIOS-e820: [mem 0x0000000000000000-0x000000000009fbff] usable
[    0.000000] BIOS-e820: [mem 0x000000000009fc00-0x000000000009ffff] reserved
[    0.000000] BIOS-e820: [mem 0x00000000000f0000-0x00000000000fffff] reserved
[    0.000000] BIOS-e820: [mem 0x0000000000100000-0x000000007ffeffff] usable
[    0.000000] BIOS-e820: [mem 0x000000007fff0000-0x000000007fffffff] ACPI data
[    0.000000] BIOS-e820: [mem 0x00000000fec00000-0x00000000fec00fff] reserved
[    0.000000] BIOS-e820: [mem 0x00000000fee00000-0x00000000fee00fff] reserved
[    0.000000] BIOS-e820: [mem 0x00000000fffc0000-0x00000000ffffffff] reserved
[    0.000000] NX (Execute Disable) protection: active
[    0.000000] SMBIOS 2.5 present.
[    0.000000] DMI: innotek GmbH VirtualBox/VirtualBox, BIOS VirtualBox 12/01/2006
[    0.000000] Hypervisor detected: KVM
[    0.000000] e820: last_pfn = 0x7fff0 max_arch_pfn = 0x400000000
[    0.000000] MTRR: Disabled
[    0.000000] x86/PAT: MTRRs disabled, skipping PAT initialization too.
[    0.000000] CPU MTRRs all blank - virtualized system.
[    0.000000] x86/PAT: Configuration [0-7]: WB  WT  UC- UC  WB  WT  UC- UC  
[    0.000000] found SMP MP-table at [mem 0x0009fff0-0x0009ffff]
[    0.000000] Scanning 1 areas for low memory corruption
[    0.000000] RAMDISK: [mem 0x35a8b000-0x36d3cfff]
[    0.000000] ACPI: Early table checksum verification disabled
[    0.000000] ACPI: RSDP 0x00000000000E0000 000024 (v02 VBOX  )
[    0.000000] ACPI: XSDT 0x000000007FFF0030 00003C (v01 VBOX   VBOXXSDT 00000001 ASL  00000061)
[    0.000000] ACPI: FACP 0x000000007FFF00F0 0000F4 (v04 VBOX   VBOXFACP 00000001 ASL  00000061)
[    0.000000] ACPI: DSDT 0x000000007FFF0470 0022EA (v02 VBOX   VBOXBIOS 00000002 INTL 20100528)
[    0.000000] ACPI: FACS 0x000000007FFF0200 000040
[    0.000000] ACPI: FACS 0x000000007FFF0200 000040
[    0.000000] ACPI: APIC 0x000000007FFF0240 00005C (v02 VBOX   VBOXAPIC 00000001 ASL  00000061)
[    0.000000] ACPI: SSDT 0x000000007FFF02A0 0001CC (v01 VBOX   VBOXCPUT 00000002 INTL 20100528)
[    0.000000] No NUMA configuration found
[    0.000000] Faking a node at [mem 0x0000000000000000-0x000000007ffeffff]
[    0.000000] NODE_DATA(0) allocated [mem 0x7ffc5000-0x7ffeffff]
[    0.000000] kvm-clock: cpu 0, msr 0:7ff44001, primary cpu clock
[    0.000000] kvm-clock: Using msrs 4b564d01 and 4b564d00
[    0.000000] kvm-clock: using sched offset of 3596823481 cycles
[    0.000000] clocksource: kvm-clock: mask: 0xffffffffffffffff max_cycles: 0x1cd42e4dffb, max_idle_ns: 881590591483 ns
[    0.000000] Zone ranges:
[    0.000000]   DMA      [mem 0x0000000000001000-0x0000000000ffffff]
[    0.000000]   DMA32    [mem 0x0000000001000000-0x000000007ffeffff]
[    0.000000]   Normal   empty
[    0.000000]   Device   empty
[    0.000000] Movable zone start for each node
[    0.000000] Early memory node ranges
[    0.000000]   node   0: [mem 0x0000000000001000-0x000000000009efff]
[    0.000000]   node   0: [mem 0x0000000000100000-0x000000007ffeffff]
[    0.000000] Reserved but unavailable: 98 pages
[    0.000000] Initmem setup node 0 [mem 0x0000000000001000-0x000000007ffeffff]
[    0.000000] ACPI: PM-Timer IO Port: 0x4008
[    0.000000] IOAPIC[0]: apic_id 2, version 32, address 0xfec00000, GSI 0-23
[    0.000000] ACPI: INT_SRC_OVR (bus 0 bus_irq 0 global_irq 2 dfl dfl)
[    0.000000] ACPI: INT_SRC_OVR (bus 0 bus_irq 9 global_irq 9 low level)
[    0.000000] Using ACPI (MADT) for SMP configuration information
[    0.000000] smpboot: Allowing 2 CPUs, 0 hotplug CPUs
[    0.000000] PM: Registered nosave memory: [mem 0x00000000-0x00000fff]
[    0.000000] PM: Registered nosave memory: [mem 0x0009f000-0x0009ffff]
[    0.000000] PM: Registered nosave memory: [mem 0x000a0000-0x000effff]
[    0.000000] PM: Registered nosave memory: [mem 0x000f0000-0x000fffff]
[    0.000000] e820: [mem 0x80000000-0xfebfffff] available for PCI devices
[    0.000000] Booting paravirtualized kernel on KVM
[    0.000000] clocksource: refined-jiffies: mask: 0xffffffff max_cycles: 0xffffffff, max_idle_ns: 7645519600211568 ns
[    0.000000] random: get_random_bytes called from start_kernel+0x99/0x4fd with crng_init=0
[    0.000000] setup_percpu: NR_CPUS:8192 nr_cpumask_bits:2 nr_cpu_ids:2 nr_node_ids:1
[    0.000000] percpu: Embedded 46 pages/cpu s151552 r8192 d28672 u1048576
[    0.000000] PV qspinlock hash table entries: 256 (order: 0, 4096 bytes)
[    0.000000] Built 1 zonelists, mobility grouping on.  Total pages: 515961
[    0.000000] Policy zone: DMA32
[    0.000000] Kernel command line: BOOT_IMAGE=/boot/vmlinuz-4.15.0-64-generic root=LABEL=cloudimg-rootfs ro console=tty1 console=ttyS0
[    0.000000] Memory: 2015632K/2096696K available (12300K kernel code, 2481K rwdata, 4172K rodata, 2436K init, 2384K bss, 81064K reserved, 0K cma-reserved)
[    0.000000] SLUB: HWalign=64, Order=0-3, MinObjects=0, CPUs=2, Nodes=1
[    0.000000] Kernel/User page tables isolation: enabled
[    0.000000] ftrace: allocating 39306 entries in 154 pages
[    0.004000] Hierarchical RCU implementation.
[    0.004000] 	RCU restricting CPUs from NR_CPUS=8192 to nr_cpu_ids=2.
[    0.004000] 	Tasks RCU enabled.
[    0.004000] RCU: Adjusting geometry for rcu_fanout_leaf=16, nr_cpu_ids=2
[    0.004000] NR_IRQS: 524544, nr_irqs: 440, preallocated irqs: 16
[    0.004000] Console: colour VGA+ 80x25
[    0.004000] console [tty1] enabled
[    0.004000] console [ttyS0] enabled
[    0.004000] ACPI: Core revision 20170831
[    0.004000] ACPI: 2 ACPI AML tables successfully acquired and loaded
[    0.004000] APIC: Switch to symmetric I/O mode setup
[    0.004000] x2apic enabled
[    0.004000] Switched APIC routing to physical x2apic.
[    0.004000] ..TIMER: vector=0x30 apic1=0 pin1=2 apic2=-1 pin2=-1
[    0.004004] tsc: Detected 2399.998 MHz processor
[    0.005401] Calibrating delay loop (skipped) preset value.. 4799.99 BogoMIPS (lpj=9599992)
[    0.008005] pid_max: default: 32768 minimum: 301
[    0.008993] Security Framework initialized
[    0.009689] Yama: becoming mindful.
[    0.010300] AppArmor: AppArmor initialized
[    0.013372] Dentry cache hash table entries: 262144 (order: 9, 2097152 bytes)
[    0.017147] Inode-cache hash table entries: 131072 (order: 8, 1048576 bytes)
[    0.018630] Mount-cache hash table entries: 4096 (order: 3, 32768 bytes)
[    0.019848] Mountpoint-cache hash table entries: 4096 (order: 3, 32768 bytes)
[    0.020221] Last level iTLB entries: 4KB 64, 2MB 8, 4MB 8
[    0.021677] Last level dTLB entries: 4KB 64, 2MB 0, 4MB 0, 1GB 4
[    0.024002] Spectre V1 : Mitigation: usercopy/swapgs barriers and __user pointer sanitization
[    0.025664] Spectre V2 : Mitigation: Full generic retpoline
[    0.026753] Spectre V2 : Spectre v2 / SpectreRSB mitigation: Filling RSB on context switch
[    0.028003] Speculative Store Bypass: Vulnerable
[    0.029417] MDS: Mitigation: Clear CPU buffers
[    0.030292] Freeing SMP alternatives memory: 36K
[    0.036000] APIC calibration not consistent with PM-Timer: 98ms instead of 100ms
[    0.036000] APIC delta adjusted to PM-Timer: 6245768 (6172188)
[    0.036000] smpboot: CPU0: Intel(R) Core(TM) i9-9980HK CPU @ 2.40GHz (family: 0x6, model: 0x9e, stepping: 0xd)
[    0.036000] Performance Events: unsupported p6 CPU model 158 no PMU driver, software events only.
[    0.036038] Hierarchical SRCU implementation.
[    0.037420] NMI watchdog: Perf event create on CPU 0 failed with -2
[    0.038662] NMI watchdog: Perf NMI watchdog permanently disabled
[    0.040041] smp: Bringing up secondary CPUs ...
[    0.041025] x86: Booting SMP configuration:
[    0.041874] .... node  #0, CPUs:      #1
[    0.004000] kvm-clock: cpu 1, msr 0:7ff44041, secondary cpu clock
[    0.046124] smp: Brought up 1 node, 2 CPUs
[    0.046124] smpboot: Max logical packages: 1
[    0.048004] smpboot: Total of 2 processors activated (9599.99 BogoMIPS)
[    0.049564] devtmpfs: initialized
[    0.049564] x86/mm: Memory block size: 128MB
[    0.049923] evm: security.selinux
[    0.052004] evm: security.SMACK64
[    0.053141] evm: security.SMACK64EXEC
[    0.054273] evm: security.SMACK64TRANSMUTE
[    0.055227] evm: security.SMACK64MMAP
[    0.056003] evm: security.apparmor
[    0.056703] evm: security.ima
[    0.057322] evm: security.capability
[    0.058135] clocksource: jiffies: mask: 0xffffffff max_cycles: 0xffffffff, max_idle_ns: 7645041785100000 ns
[    0.060014] futex hash table entries: 512 (order: 3, 32768 bytes)
[    0.061433] pinctrl core: initialized pinctrl subsystem
[    0.062641] RTC time: 16:51:36, date: 09/20/19
[    0.064142] NET: Registered protocol family 16
[    0.065573] audit: initializing netlink subsys (disabled)
[    0.066782] audit: type=2000 audit(1568998301.898:1): state=initialized audit_enabled=0 res=1
[    0.068009] cpuidle: using governor ladder
[    0.068860] cpuidle: using governor menu
[    0.069764] ACPI: bus type PCI registered
[    0.072003] acpiphp: ACPI Hot Plug PCI Controller Driver version: 0.5
[    0.073378] PCI: Using configuration type 1 for base access
[    0.076033] HugeTLB registered 2.00 MiB page size, pre-allocated 0 pages
[    0.077393] ACPI: Added _OSI(Module Device)
[    0.080003] ACPI: Added _OSI(Processor Device)
[    0.081090] ACPI: Added _OSI(3.0 _SCP Extensions)
[    0.082163] ACPI: Added _OSI(Processor Aggregator Device)
[    0.083510] ACPI: Added _OSI(Linux-Dell-Video)
[    0.084010] ACPI: Added _OSI(Linux-Lenovo-NV-HDMI-Audio)
[    0.085068] ACPI: Added _OSI(Linux-HPI-Hybrid-Graphics)
[    0.086520] ACPI: Executed 1 blocks of module-level executable AML code
[    0.090860] ACPI: Interpreter enabled
[    0.092013] ACPI: (supports S0 S5)
[    0.093465] ACPI: Using IOAPIC for interrupt routing
[    0.094941] PCI: Using host bridge windows from ACPI; if necessary, use "pci=nocrs" and report a bug
[    0.096404] ACPI: Enabled 2 GPEs in block 00 to 07
[    0.104958] ACPI: PCI Root Bridge [PCI0] (domain 0000 [bus 00-ff])
[    0.106459] acpi PNP0A03:00: _OSC: OS supports [ASPM ClockPM Segments MSI]
[    0.108234] acpi PNP0A03:00: _OSC: not requesting OS control; OS requires [ExtendedConfig ASPM ClockPM MSI]
[    0.110181] acpi PNP0A03:00: fail to add MMCONFIG information, can't access extended PCI configuration space under this bridge.
[    0.112394] PCI host bridge to bus 0000:00
[    0.113594] pci_bus 0000:00: root bus resource [io  0x0000-0x0cf7 window]
[    0.116005] pci_bus 0000:00: root bus resource [io  0x0d00-0xffff window]
[    0.117292] pci_bus 0000:00: root bus resource [mem 0x000a0000-0x000bffff window]
[    0.118710] pci_bus 0000:00: root bus resource [mem 0x80000000-0xfdffffff window]
[    0.120005] pci_bus 0000:00: root bus resource [bus 00-ff]
[    0.124252] pci 0000:00:01.1: legacy IDE quirk: reg 0x10: [io  0x01f0-0x01f7]
[    0.126606] pci 0000:00:01.1: legacy IDE quirk: reg 0x14: [io  0x03f6]
[    0.128000] pci 0000:00:01.1: legacy IDE quirk: reg 0x18: [io  0x0170-0x0177]
[    0.128004] pci 0000:00:01.1: legacy IDE quirk: reg 0x1c: [io  0x0376]
[    0.149790] pci 0000:00:07.0: quirk: [io  0x4000-0x403f] claimed by PIIX4 ACPI
[    0.151721] pci 0000:00:07.0: quirk: [io  0x4100-0x410f] claimed by PIIX4 SMB
[    0.165989] ACPI: PCI Interrupt Link [LNKA] (IRQs 5 9 10 *11)
[    0.167802] ACPI: PCI Interrupt Link [LNKB] (IRQs 5 9 *10 11)
[    0.168224] ACPI: PCI Interrupt Link [LNKC] (IRQs 5 *9 10 11)
[    0.169826] ACPI: PCI Interrupt Link [LNKD] (IRQs 5 9 10 *11)
[    0.172341] SCSI subsystem initialized
[    0.173773] pci 0000:00:02.0: vgaarb: setting as boot VGA device
[    0.173773] pci 0000:00:02.0: vgaarb: VGA device added: decodes=io+mem,owns=io+mem,locks=none
[    0.176008] pci 0000:00:02.0: vgaarb: bridge control possible
[    0.177576] vgaarb: loaded
[    0.178448] ACPI: bus type USB registered
[    0.180019] usbcore: registered new interface driver usbfs
[    0.181151] usbcore: registered new interface driver hub
[    0.182349] usbcore: registered new device driver usb
[    0.184064] EDAC MC: Ver: 3.0.0
[    0.185006] PCI: Using ACPI for IRQ routing
[    0.185243] NetLabel: Initializing
[    0.185946] NetLabel:  domain hash size = 128
[    0.188002] NetLabel:  protocols = UNLABELED CIPSOv4 CALIPSO
[    0.189467] NetLabel:  unlabeled traffic allowed by default
[    0.190622] clocksource: Switched to clocksource kvm-clock
[    0.200684] VFS: Disk quotas dquot_6.6.0
[    0.201611] VFS: Dquot-cache hash table entries: 512 (order 0, 4096 bytes)
[    0.203471] AppArmor: AppArmor Filesystem Enabled
[    0.204903] pnp: PnP ACPI init
[    0.206886] pnp: PnP ACPI: found 3 devices
[    0.216292] clocksource: acpi_pm: mask: 0xffffff max_cycles: 0xffffff, max_idle_ns: 2085701024 ns
[    0.218729] NET: Registered protocol family 2
[    0.219954] TCP established hash table entries: 16384 (order: 5, 131072 bytes)
[    0.221615] TCP bind hash table entries: 16384 (order: 6, 262144 bytes)
[    0.224606] TCP: Hash tables configured (established 16384 bind 16384)
[    0.225972] UDP hash table entries: 1024 (order: 3, 32768 bytes)
[    0.227170] UDP-Lite hash table entries: 1024 (order: 3, 32768 bytes)
[    0.229294] NET: Registered protocol family 1
[    0.230283] pci 0000:00:00.0: Limiting direct PCI/PCI transfers
[    0.232043] pci 0000:00:01.0: Activating ISA DMA hang workarounds
[    0.233711] pci 0000:00:02.0: Video device with shadowed ROM at [mem 0x000c0000-0x000dffff]
[    0.235520] Unpacking initramfs...
[    0.499870] Freeing initrd memory: 19144K
[    0.501623] clocksource: tsc: mask: 0xffffffffffffffff max_cycles: 0x229835b7123, max_idle_ns: 440795242976 ns
[    0.503700] platform rtc_cmos: registered platform RTC device (no PNP device found)
[    0.505724] Scanning for low memory corruption every 60 seconds
[    0.507608] Initialise system trusted keyrings
[    0.508572] Key type blacklist registered
[    0.509445] workingset: timestamp_bits=36 max_order=19 bucket_order=0
[    0.511524] zbud: loaded
[    0.512640] squashfs: version 4.0 (2009/01/31) Phillip Lougher
[    0.514140] fuse init (API version 7.26)
[    0.517122] Key type asymmetric registered
[    0.518235] Asymmetric key parser 'x509' registered
[    0.519241] Block layer SCSI generic (bsg) driver version 0.4 loaded (major 246)
[    0.520899] io scheduler noop registered
[    0.521700] io scheduler deadline registered
[    0.522583] io scheduler cfq registered (default)
[    0.523934] ACPI: AC Adapter [AC] (on-line)
[    0.525001] input: Power Button as /devices/LNXSYSTM:00/LNXPWRBN:00/input/input0
[    0.526637] ACPI: Power Button [PWRF]
[    0.527833] input: Sleep Button as /devices/LNXSYSTM:00/LNXSLPBN:00/input/input1
[    0.530329] ACPI: Sleep Button [SLPF]
[    0.532849] ACPI: Battery Slot [BAT0] (battery present)
[    0.534578] Serial: 8250/16550 driver, 32 ports, IRQ sharing enabled
[    0.557157] 00:02: ttyS0 at I/O 0x3f8 (irq = 4, base_baud = 115200) is a 16550A
[    0.561503] Linux agpgart interface v0.103
[    0.564900] loop: module loaded
[    0.566056] scsi host0: ata_piix
[    0.566852] scsi host1: ata_piix
[    0.567555] ata1: PATA max UDMA/33 cmd 0x1f0 ctl 0x3f6 bmdma 0xd000 irq 14
[    0.569141] ata2: PATA max UDMA/33 cmd 0x170 ctl 0x376 bmdma 0xd008 irq 15
[    0.570860] libphy: Fixed MDIO Bus: probed
[    0.571750] tun: Universal TUN/TAP device driver, 1.6
[    0.572976] PPP generic driver version 2.4.2
[    0.573960] ehci_hcd: USB 2.0 'Enhanced' Host Controller (EHCI) Driver
[    0.575261] ehci-pci: EHCI PCI platform driver
[    0.576200] ehci-platform: EHCI generic platform driver
[    0.577262] ohci_hcd: USB 1.1 'Open' Host Controller (OHCI) Driver
[    0.578497] ohci-pci: OHCI PCI platform driver
[    0.579480] ohci-platform: OHCI generic platform driver
[    0.580681] uhci_hcd: USB Universal Host Controller Interface driver
[    0.582031] i8042: PNP: PS/2 Controller [PNP0303:PS2K,PNP0f03:PS2M] at 0x60,0x64 irq 1,12
[    0.584115] serio: i8042 KBD port at 0x60,0x64 irq 1
[    0.585119] serio: i8042 AUX port at 0x60,0x64 irq 12
[    0.586320] mousedev: PS/2 mouse device common for all mice
[    0.588221] input: AT Translated Set 2 keyboard as /devices/platform/i8042/serio0/input/input2
[    0.590545] rtc_cmos rtc_cmos: rtc core: registered rtc_cmos as rtc0
[    0.592530] rtc_cmos rtc_cmos: alarms up to one day, 114 bytes nvram
[    0.593744] i2c /dev entries driver
[    0.594481] device-mapper: uevent: version 1.0.3
[    0.595448] device-mapper: ioctl: 4.37.0-ioctl (2017-09-20) initialised: dm-devel@redhat.com
[    0.597211] ledtrig-cpu: registered to indicate activity on CPUs
[    0.599519] NET: Registered protocol family 10
[    0.603771] Segment Routing with IPv6
[    0.604511] NET: Registered protocol family 17
[    0.605341] Key type dns_resolver registered
[    0.606340] mce: Using 0 MCE banks
[    0.607019] RAS: Correctable Errors collector initialized.
[    0.607996] sched_clock: Marking stable (606319927, 0)->(889199170, -282879243)
[    0.609851] registered taskstats version 1
[    0.610754] Loading compiled-in X.509 certificates
[    0.613893] Loaded X.509 cert 'Build time autogenerated kernel key: 9ff85db0b1f72c0c954e4d2eaca5a9366845820b'
[    0.615730] zswap: loaded using pool lzo/zbud
[    0.620079] Key type big_key registered
[    0.621209] Key type trusted registered
[    0.623611] Key type encrypted registered
[    0.624648] AppArmor: AppArmor sha1 policy hashing enabled
[    0.626208] ima: No TPM chip found, activating TPM-bypass! (rc=-19)
[    0.627757] ima: Allocated hash algorithm: sha1
[    0.628724] evm: HMAC attrs: 0x1
[    0.629758]   Magic number: 3:558:894
[    0.631003] rtc_cmos rtc_cmos: setting system clock to 2019-09-20 16:51:37 UTC (1568998297)
[    0.633013] BIOS EDD facility v0.16 2004-Jun-25, 0 devices found
[    0.634430] EDD information not available.
[    0.731454] Freeing unused kernel image memory: 2436K
[    0.744154] Write protecting the kernel read-only data: 20480k
[    0.746626] Freeing unused kernel image memory: 2008K
[    0.748200] Freeing unused kernel image memory: 1972K
[    0.756511] x86/mm: Checked W+X mappings: passed, no W+X pages found.
[    0.758371] x86/mm: Checking user space page tables
[    0.766170] x86/mm: Checked W+X mappings: passed, no W+X pages found.
Loading, please wait...
starting version 237
[    0.813874] Fusion MPT base driver 3.04.20
[    0.815097] Copyright (c) 1999-2008 LSI Corporation
[    0.818882] e1000: Intel(R) PRO/1000 Network Driver - version 7.3.21-k8-NAPI
[    0.821215] e1000: Copyright (c) 1999-2006 Intel Corporation.
[    0.827096] Fusion MPT SPI Host driver 3.04.20
[    0.841697] AVX2 version of gcm_enc/dec engaged.
[    0.843078] AES CTR mode by8 optimization enabled
[    1.055449] input: ImExPS/2 Generic Explorer Mouse as /devices/platform/i8042/serio1/input/input4
[    1.232985] e1000 0000:00:03.0 eth0: (PCI:33MHz:32-bit) 02:ab:ce:93:e0:e3
[    1.234998] e1000 0000:00:03.0 eth0: Intel(R) PRO/1000 Network Connection
[    1.237703] mptbase: ioc0: Initiating bringup
[    1.368599] ioc0: LSI53C1030 A0: Capabilities={Initiator}
[    2.170757] scsi host2: ioc0: LSI53C1030 A0, FwRev=00000000h, Ports=1, MaxQ=256, IRQ=20
[    2.589031] scsi 2:0:0:0: Direct-Access     VBOX     HARDDISK         1.0  PQ: 0 ANSI: 5
[    2.620478] scsi target2:0:0: Beginning Domain Validation
[    2.624322] scsi target2:0:0: Domain Validation skipping write tests
[    2.625680] scsi target2:0:0: Ending Domain Validation
[    2.626881] scsi target2:0:0: asynchronous
[    2.628364] scsi 2:0:1:0: Direct-Access     VBOX     HARDDISK         1.0  PQ: 0 ANSI: 5
[    2.948610] scsi target2:0:1: Beginning Domain Validation
[    2.951871] random: fast init done
[    2.952853] scsi target2:0:1: Domain Validation skipping write tests
[    2.954079] scsi target2:0:1: Ending Domain Validation
[    2.955174] scsi target2:0:1: asynchronous
[    2.960049] random: systemd-udevd: uninitialized urandom read (16 bytes read)
[    2.961652] random: systemd-udevd: uninitialized urandom read (16 bytes read)
[    2.963406] random: systemd-udevd: uninitialized urandom read (16 bytes read)
[    2.965749] sd 2:0:0:0: Attached scsi generic sg0 type 0
[    2.966926] sd 2:0:1:0: Attached scsi generic sg1 type 0
[    2.967925] sd 2:0:0:0: [sda] 20971520 512-byte logical blocks: (10.7 GB/10.0 GiB)
[    2.969544] sd 2:0:0:0: [sda] Write Protect is off
[    2.970965] sd 2:0:0:0: [sda] Incomplete mode parameter data
[    2.972121] sd 2:0:0:0: [sda] Assuming drive cache: write through
[    2.973480] sd 2:0:1:0: [sdb] 20480 512-byte logical blocks: (10.5 MB/10.0 MiB)
[    2.975049] sd 2:0:1:0: [sdb] Write Protect is off
[    2.976720] sd 2:0:1:0: [sdb] Incomplete mode parameter data
[    2.978338] sd 2:0:1:0: [sdb] Assuming drive cache: write through
[    2.982190]  sda: sda1
[    2.984052] sd 2:0:0:0: [sda] Attached SCSI disk
[    2.988732] sd 2:0:1:0: [sdb] Attached SCSI disk
[    2.990268] e1000 0000:00:08.0 eth1: (PCI:33MHz:32-bit) 08:00:27:eb:a3:83
[    2.992563] e1000 0000:00:08.0 eth1: Intel(R) PRO/1000 Network Connection
[    2.994558] e1000 0000:00:03.0 enp0s3: renamed from eth0
[    3.006403] e1000 0000:00:08.0 enp0s8: renamed from eth1
Begin: Loading essential drivers ... [    4.360259] raid6: sse2x1   gen() 11455 MB/s
[    4.408437] raid6: sse2x1   xor()  7446 MB/s
[    4.456478] raid6: sse2x2   gen() 15341 MB/s
[    4.504056] raid6: sse2x2   xor()  9991 MB/s
[    4.552137] raid6: sse2x4   gen() 15911 MB/s
[    4.601344] raid6: sse2x4   xor() 10185 MB/s
[    4.648646] raid6: avx2x1   gen() 24887 MB/s
[    4.698813] raid6: avx2x1   xor() 15742 MB/s
[    4.748569] raid6: avx2x2   gen() 28155 MB/s
[    4.796045] raid6: avx2x2   xor() 17578 MB/s
[    4.844205] raid6: avx2x4   gen() 31701 MB/s
[    4.892013] raid6: avx2x4   xor() 18989 MB/s
[    4.893195] raid6: using algorithm avx2x4 gen() 31701 MB/s
[    4.894294] raid6: .... xor() 18989 MB/s, rmw enabled
[    4.895322] raid6: using avx2x2 recovery algorithm
[    4.897881] xor: automatically using best checksumming function   avx       
[    4.900905] async_tx: api initialized (async)
done.
Begin: Running /scripts/init-premount ... done.
Begin: Mounting root file system ... Begin: Running /scripts/local-top ... done.
Begin: Running /scripts/local-premount ... [    4.941881] Btrfs loaded, crc32c=crc32c-intel
Scanning for Btrfs filesystems
done.
Warning: fsck not present, so skipping root file system
[    4.960950] EXT4-fs (sda1): mounted filesystem with ordered data mode. Opts: (null)
done.
Begin: Running /scripts/local-bottom ... done.
Begin: Running /scripts/init-bottom ... done.
[    5.071297] ip_tables: (C) 2000-2006 Netfilter Core Team
[    5.078228] systemd[1]: systemd 237 running in system mode. (+PAM +AUDIT +SELINUX +IMA +APPARMOR +SMACK +SYSVINIT +UTMP +LIBCRYPTSETUP +GCRYPT +GNUTLS +ACL +XZ +LZ4 +SECCOMP +BLKID +ELFUTILS +KMOD -IDN2 +IDN -PCRE2 default-hierarchy=hybrid)
[    5.083035] systemd[1]: Detected virtualization oracle.
[    5.084111] systemd[1]: Detected architecture x86-64.

Welcome to [1mUbuntu 18.04.3 LTS[0m!

[    5.104955] systemd[1]: Set hostname to <ubuntu>.
[    5.107830] systemd[1]: Initializing machine ID from random generator.
[    5.109748] systemd[1]: Installed transient /etc/machine-id file.
[    5.290653] systemd[1]: Reached target Swap.
[[0;32m  OK  [0m] Reached target Swap.
[    5.294736] systemd[1]: Created slice User and Session Slice.
[[0;32m  OK  [0m] Created slice User and Session Slice.
[    5.309090] systemd[1]: Created slice System Slice.
[[0;32m  OK  [0m] Created slice System Slice.
[    5.320746] systemd[1]: Created slice system-serial\x2dgetty.slice.
[[0;32m  OK  [0m] Created slice system-serial\x2dgetty.slice.
[[0;32m  OK  [0m] Listening on Journal Socket (/dev/log).
[[0;32m  OK  [0m] Listening on /dev/initctl Compatibility Named Pipe.
[[0;32m  OK  [0m] Listening on LVM2 metadata daemon socket.
[[0;32m  OK  [0m] Set up automount Arbitrary Executabâ€¦rmats File System Automount Point.
[[0;32m  OK  [0m] Listening on Network Service Netlink Socket.
[[0;32m  OK  [0m] Listening on Journal Socket.
         Starting Load Kernel Modules...
         Mounting Huge Pages File System...
[    5.398123] Loading iSCSI transport class v2.0-870.
[    5.403224] iscsi: registered transport (tcp)
         Mounting POSIX Message Queue File System...
         Mounting Kernel Debug File System...
         Starting Create list of required stâ€¦ce nodes for the current kernel...
[    5.426401] iscsi: registered transport (iser)
[[0;32m  OK  [0m] Listening on udev Kernel Socket.
[[0;32m  OK  [0m] Reached target System Time Synchronized.
[[0;32m  OK  [0m] Started Forward Password Requests to Wall Directory Watch.
[[0;32m  OK  [0m] Reached target User and Group Name Lookups.
         Starting Remount Root and Kernel File Systems...
[    5.492966] EXT4-fs (sda1): re-mounted. Opts: (null)
[[0;32m  OK  [0m] Listening on Device-mapper event daemon FIFOs.
         Starting Monitoring of LVM2 mirrorsâ€¦ng dmeventd or progress polling...
[[0;32m  OK  [0m] Listening on udev Control Socket.
         Starting udev Coldplug all Devices...
[[0;32m  OK  [0m] Listening on Journal Audit Socket.
         Starting Uncomplicated firewall...
[[0;32m  OK  [0m] Reached target Slices.
[[0;32m  OK  [0m] Listening on LVM2 poll daemon socket.
[[0;32m  OK  [0m] Listening on Syslog Socket.
         Starting Journal Service...
         Starting Set the console keyboard layout...
[[0;32m  OK  [0m] Started Load Kernel Modules.
[[0;32m  OK  [0m] Mounted Huge Pages File System.
[[0;32m  OK  [0m] Mounted POSIX Message Queue File System.
[[0;32m  OK  [0m] Mounted Kernel Debug File System.
[[0;32m  OK  [0m] Started Create list of required staâ€¦vice nodes for the current kernel.
[[0;32m  OK  [0m] Started Remount Root and Kernel File Systems.
[[0;32m  OK  [0m] Started Journal Service.
[[0;32m  OK  [0m] Started Uncomplicated firewall.
[[0;32m  OK  [0m] Started LVM2 metadata daemon.
         Starting Flush Journal to Persistent Storage...
         Starting Load/Save Random Seed...
         Starting Create Static Device Nodes in /dev...
         Mounting FUSE Control File System...
         Starting Apply Kernel Variables...
         Mounting Kernel Configuration File System...
[[0;32m  OK  [0m] Started Monitoring of LVM2 mirrors,â€¦sing dmeventd or progress polling.
[[0;32m  OK  [0m] Started udev Coldplug all Devices.
[[0;32m  OK  [0m] Started Load/Save Random Seed.
[[0;32m  OK  [0m] Started Create Static Device Nodes in /dev.
[[0;32m  OK  [0m] Mounted FUSE Control File System.
[[0;32m  OK  [0m] Started Apply Kernel Variables.
[[0;32m  OK  [0m] Mounted Kernel Configuration File System.
         Starting udev Kernel Device Manager...
[[0;32m  OK  [0m] Started udev Kernel Device Manager.
[[0;32m  OK  [0m] Started Flush Journal to Persistent Storage.
[[0;32m  OK  [0m] Found device /dev/ttyS0.
[[0;32m  OK  [0m] Listening on Load/Save RF Kill Switch Status /dev/rfkill Watch.
[[0;32m  OK  [0m] Started Set the console keyboard layout.
[[0;32m  OK  [0m] Started Dispatch Password Requests to Console Directory Watch.
[[0;32m  OK  [0m] Reached target Local Encrypted Volumes.
[[0;32m  OK  [0m] Reached target Local File Systems (Pre).
[[0;32m  OK  [0m] Reached target Local File Systems.
         Starting Tell Plymouth To Write Out Runtime Data...
         Starting AppArmor initialization...
         Starting Set console font and keymap...
         Starting Commit a transient machine-id on disk...
         Starting Create Volatile Files and Directories...
         Starting ebtables ruleset management...
[[0;32m  OK  [0m] Started Tell Plymouth To Write Out Runtime Data.
[[0;32m  OK  [0m] Started Set console font and keymap.
[[0;32m  OK  [0m] Started Create Volatile Files and Directories.
         Starting Update UTMP about System Boot/Shutdown...
[[0;32m  OK  [0m] Started Update UTMP about System Boot/Shutdown.
[[0;32m  OK  [0m] Started Commit a transient machine-id on disk.
[[0;32m  OK  [0m] Started ebtables ruleset management.
[[0;32m  OK  [0m] Started AppArmor initialization.
         Starting Initial cloud-init job (pre-networking)...
[    7.869119] cloud-init[673]: Cloud-init v. 19.2-24-ge7881d5c-0ubuntu1~18.04.1 running 'init-local' at Fri, 20 Sep 2019 16:51:44 +0000. Up 7.56 seconds.
[[0;32m  OK  [0m] Started Initial cloud-init job (pre-networking).
[[0;32m  OK  [0m] Reached target Network (Pre).
         Starting Network Service...
[[0;32m  OK  [0m] Started Network Service.
         Starting Network Name Resolution...
         Starting Wait for Network to be Configured...
[[0;32m  OK  [0m] Started Network Name Resolution.
[[0;32m  OK  [0m] Reached target Host and Network Name Lookups.
[[0;32m  OK  [0m] Reached target Network.
[[0;32m  OK  [0m] Started Wait for Network to be Configured.
         Starting Initial cloud-init job (metadata service crawler)...
[   10.005705] cloud-init[787]: Cloud-init v. 19.2-24-ge7881d5c-0ubuntu1~18.04.1 running 'init' at Fri, 20 Sep 2019 16:51:46 +0000. Up 9.89 seconds.
[   10.007635] cloud-init[787]: ci-info: ++++++++++++++++++++++++++++++++++++++Net device info+++++++++++++++++++++++++++++++++++++++
[   10.024814] cloud-init[787]: ci-info: +--------+-------+----------------------------+---------------+--------+-------------------+
[   10.036410] cloud-init[787]: ci-info: | Device |   Up  |          Address           |      Mask     | Scope  |     Hw-Address    |
[   10.052185] cloud-init[787]: ci-info: +--------+-------+----------------------------+---------------+--------+-------------------+
[   10.064462] cloud-init[787]: ci-info: | enp0s3 |  True |         10.0.2.15          | 255.255.255.0 | global | 02:ab:ce:93:e0:e3 |
[   10.065968] cloud-init[787]: ci-info: | enp0s3 |  True | fe80::ab:ceff:fe93:e0e3/64 |       .       |  link  | 02:ab:ce:93:e0:e3 |
[   10.067556] cloud-init[787]: ci-info: | enp0s8 | False |             .              |       .       |   .    | 08:00:27:eb:a3:83 |
[   10.069006] cloud-init[787]: ci-info: |   lo   |  True |         127.0.0.1          |   255.0.0.0   |  host  |         .         |
[   10.071058] cloud-init[787]: ci-info: |   lo   |  True |          ::1/128           |       .       |  host  |         .         |
[   10.088169] cloud-init[787]: ci-info: +--------+-------+----------------------------+---------------+--------+-------------------+
[   10.089489] cloud-init[787]: ci-info: ++++++++++++++++++++++++++++Route IPv4 info+++++++++++++++++++++++++++++
[   10.090588] cloud-init[787]: ci-info: +-------+-------------+----------+-----------------+-----------+-------+
[   10.092382] cloud-init[787]: ci-info: | Route | Destination | Gateway  |     Genmask     | Interface | Flags |
[   10.104205] cloud-init[787]: ci-info: +-------+-------------+----------+-----------------+-----------+-------+
[   10.107050] cloud-init[787]: ci-info: |   0   |   0.0.0.0   | 10.0.2.2 |     0.0.0.0     |   enp0s3  |   UG  |
[   10.124214] cloud-init[787]: ci-info: |   1   |   10.0.2.0  | 0.0.0.0  |  255.255.255.0  |   enp0s3  |   U   |
[   10.140574] cloud-init[787]: ci-info: |   2   |   10.0.2.2  | 0.0.0.0  | 255.255.255.255 |   enp0s3  |   UH  |
[   10.156282] cloud-init[787]: ci-info: +-------+-------------+----------+-----------------+-----------+-------+
[   10.158830] cloud-init[787]: ci-info: +++++++++++++++++++Route IPv6 info+++++++++++++++++++
[   10.160860] cloud-init[787]: ci-info: +-------+-------------+---------+-----------+-------+
[   10.162630] cloud-init[787]: ci-info: | Route | Destination | Gateway | Interface | Flags |
[   10.164702] cloud-init[787]: ci-info: +-------+-------------+---------+-----------+-------+
[   10.166587] cloud-init[787]: ci-info: |   1   |  fe80::/64  |    ::   |   enp0s3  |   U   |
[   10.185261] cloud-init[787]: ci-info: |   3   |    local    |    ::   |   enp0s3  |   U   |
[   10.191453] cloud-init[787]: ci-info: |   4   |   ff00::/8  |    ::   |   enp0s3  |   U   |
[   10.192643] cloud-init[787]: ci-info: +-------+-------------+---------+-----------+-------+
[   10.562253] cloud-init[787]: Generating public/private rsa key pair.
[   10.572328] cloud-init[787]: Your identification has been saved in /etc/ssh/ssh_host_rsa_key.
[   10.584350] cloud-init[787]: Your public key has been saved in /etc/ssh/ssh_host_rsa_key.pub.
[   10.585275] cloud-init[787]: The key fingerprint is:
[[0;32m  OK  [0m] Started Initial cloud-init job (metadata service crawler).
[   10.600337] cloud-init[787]: SHA256:d1iGZqYdhbGUqG3nmI1Yb5skYyytviEaoXEKLYI9hnM root@ubuntu-bionic
[   10.602192] cloud-init[787]: The key's randomart image is:
[   10.602247] cloud-init[787]: +---[RSA 2048]----+
[[0;32m  OK  [0m] Reached target Cloud-config availability.
[[   10.602377] [0;32m  OK  [0mcloud-init[787]: ] |         .o+.    |Reached target System Initialization.

[[0;32m  OK  [0m] Started Message of the Day.
[   10.613117] cloud-init[787]: |        ..o+     |
[   10.614138] cloud-init[787]: |       o  B o    |
[[   10.614193] [0;32m  OK  [0mcloud-init] [787]: Listening on Open-iSCSI iscsid Socket.|.+    . +*.=     |

[   10.615692] cloud-init[787]: |O E    *SO+ .    |
[   10.615760] cloud-init[787]: |oX o  o X.*.     |
[[0;32m  OK  [0m] Started Daily Cleanup of Temporary Directories.
[   10.615845] cloud-init[787]: |o . . .+ = o     |
[   10.618579] cloud-init[787]: |   o ...  o      |
[[0;32m  OK  [0m[   10.619025] ] cloud-initStarted ACPI Events Check.[787]: 
|  .  .o.         |
[[0;32m  OK  [0m] Listening on UUID daemon activation socket.
[   10.620416] cloud-init[787]: +----[SHA256]-----+
[   10.621941] cloud-init[787]: Generating public/private dsa key pair.
[   10.622900] cloud-init[787]: Your identification has been saved in /etc/ssh/ssh_host_dsa_key.
[   10.624482] cloud-init[787]: Your public key has been saved in /etc/ssh/ssh_host_dsa_key.pub.
[   10.625987] cloud-init[787]: The key fingerprint is:
[   10.626925] cloud-init[787]: SHA256:Iy/xUBJVURU9/YCBnVAb7z2Ny4c4jP5N3uPaO6/RnbU root@ubuntu-bionic
[   10.628545] cloud-init[787]: The key's randomart image is:
[   10.629231] cloud-init[787]: +---[DSA 1024]----+
[   10.633845] cloud-init[787]: |      ....+B==oo.|
[   10.633998] cloud-init[787]: |       .  . ++..o|
[   10.634107] cloud-init[787]: |      . .   . ..o|
[   10.634268] cloud-init[787]: |       o     . oo|
[   10.634368] cloud-init[787]: |      + S     o.+|
[   10.634466] cloud-init[787]: |       * . o o +*|
[   10.634680] cloud-init[787]: |      . o . + *E+|
         Starting LXD - unix socket.
[[0;32m  OK  [0m] Started Daily apt download activities.
[[0;32m  OK  [0m] Listening on ACPID Listen Socket.
[   10.640209] cloud-init[787]:          Starting Socket activation for snappy daemon.
[[0;32m  OK  [0m] Started Daily apt upgrade and clean activities.
[[0;32m  OK  [0m] Started Discard unused blocks once a week.
|       . .   =.* |
[   10.643833] [[0;32m  OK  [0m] Reached target Timers.
[[0;32m  OK  [0m] Reached target Paths.
[[0;32m  OK  [0m] Listening on D-Bus System Message Bus Socket.
[[0;32m  OK  [0m] Reached target Network is Online.
[[0;32m  OK  [0m] Reached target Remote File Systems (Pre).
[[0;32m  OK  [0m] Reached target Remote File Systems.
cloud-init[787]: |          ....*=B|
[   10.647853]          cloud-initStarting Availability of block devices...[787]: 
+----[SHA256]-----+
[   10.648856] [[0;32m  OK  [0m] Listening on LXD - unix socket.
[[0;32m  OK  [0m] Listening on Socket activation for snappy daemon.
[[0;32m  OK  [0m] Reached target Sockets.
[[0;32m  OK  [0m] Reached target Basic System.
cloud-init[787]: Generating public/private ecdsa key pair.
[   10.652148]          Starting Login Service...
cloud-init         Starting Virtualbox guest utils...
[787]: Your identification has been saved in /etc/ssh/ssh_host_ecdsa_key.[[0;32m  OK  [0m] Started Regular background program processing daemon.
         Starting Accounts Service...
[[0;32m  OK  [0m] Started FUSE filesystem for LXC.

[   10.659827] cloud-init[787]: Your public key has been saved in /etc/ssh/ssh_host_ecdsa_key.pub.
[   10.662262] cloud-init[787]: The key fingerprint is:
[   10.672427]          cloud-initStarting Pollinate to seed the pseudo random number generator...[787]: 
SHA256:j1512JIfgjxbZtcQpCImMpgj9FgwZLubxkGTJo7TObs root@ubuntu-bionic
[   10.673762]          Starting LSB: automatic crash report generation...
cloud-init[787]: The key's randomart image is:
[   10.674917] cloud-init[787]: +---[ECDSA 256]---+
[   10.675591] cloud-init[787]: |.*..         .o  |
[   10.675970] cloud-init[787]: |o Bo         . . |
[   10.676734] cloud-init[787]: |oB+.o . o . . .  |
[   10.677492] cloud-init[787]: |*ooo o o o o + o |
[   10.678703] cloud-init[787]: |o++     S + X = .|
[   10.680090] cloud-init[787]: |..+o     o B * . |
[   10.682923] cloud-init[787]: | =.     . +   .  |
[   10.683858] cloud-init[787]: |.  .   . .       |
[   10.684805] cloud-init[787]: |  E     .        |
[   10.696166] cloud-init[787]: +----[SHA256]-----+
[   10.708555] cloud-init[787]: Generating public/private ed25519 key pair.
[   10.720314] cloud-init[787]: Your identification has been saved in /etc/ssh/ssh_host_ed25519_key.
[[0;32m  OK  [0m] Started irqbalance daemon.
[   10.732933] cloud-init[787]: Your public key has been saved in /etc/ssh/ssh_host_ed25519_key.pub.
[   10.745648]          cloud-initStarting Permit User Sessions...[787]: 
The key fingerprint is:
[   10.746523] cloud-init[787]: SHA256:+akmORvafKWXa6v447oNl0Jo1jCds50Gi6HjTIGm0ts root@ubuntu-bionic
[   10.756759] cloud-init[787]: The key's randomart image is:
[   10.768552] cloud-init[787]: +--[ED25519 256]--+
[   10.780205]          Starting Snappy daemon...
cloud-init[787]: |                 |
[   10.782002]          Starting LXD - container startup/shutdown...
cloud-init[787]:          Starting System Logging Service...
| .   . .         |
         Starting LSB: Record successful boot for GRUB...
[   10.786885] cloud-init[787]: |... + =          |
[   10.796235] cloud-init[787]: |o. o B * o       |
[   10.797397] cloud-init[787]: |o = = = S        |
[   10.798769] cloud-init[787]: |.+ * . . o..     |
[   10.801448] cloud-init[787]: |  + E +.ooo.     |
[   10.802919] cloud-init[787]: |     ++B=.+      |
[   10.804399] cloud-init[787]: |    . B@*=oo     |
[   10.807700] cloud-init[787]: +----[SHA256]-----+
         Starting Dispatcher daemon for systemd-networkd...
[[0;32m  OK  [0m] Started Deferred execution scheduler.
[[0;32m  OK  [0m] Started D-Bus System Message Bus.
[[0;32m  OK  [0m] Started System Logging Service.
[[0;32m  OK  [0m] Started Availability of block devices.
[[0;32m  OK  [0m] Started Permit User Sessions.
[[0;32m  OK  [0m] Started LXD - container startup/shutdown.
[[0;32m  OK  [0m] Started Login Service.
[[0;32m  OK  [0m] Started Unattended Upgrades Shutdown.
         Starting Terminate Plymouth Boot Screen...
         Starting Hold until boot process finishes up...
[[0;32m  OK  [0m] Started Hold until boot process finishes up.
         Starting Set console scheme...
[[0;32m  OK  [0m] Started Serial Getty on ttyS0.
[[0;32m  OK  [0m] Started Terminate Plymouth Boot Screen.
         Starting Authorization Manager...
[[0;32m  OK  [0m] Started Set console scheme.
[[0;32m  OK  [0m] Created slice system-getty.slice.
[[0;32m  OK  [0m] Started Getty on tty1.
[[0;32m  OK  [0m] Reached target Login Prompts.
[[0;32m  OK  [0m] Started Authorization Manager.
[[0;32m  OK  [0m] Started Accounts Service.
[[0;32m  OK  [0m] Started LSB: automatic crash report generation.
[[0;32m  OK  [0m] Started LSB: Record successful boot for GRUB.
[[0;32m  OK  [0m] Started Virtualbox guest utils.
[[0;32m  OK  [0m] Started Dispatcher daemon for systemd-networkd.
[[0;32m  OK  [0m] Started Snappy daemon.
         Starting Wait until snapd is fully seeded...
[[0;32m  OK  [0m] Started Wait until snapd is fully seeded.
         Starting Apply the settings specified in cloud-config...
[   14.940597] cloud-init[1272]: Cloud-init v. 19.2-24-ge7881d5c-0ubuntu1~18.04.1 running 'modules:config' at Fri, 20 Sep 2019 16:51:51 +0000. Up 14.67 seconds.
[[0;32m  OK  [0m] Started Apply the settings specified in cloud-config.

Ubuntu 18.04.3 LTS ubuntu-bionic ttyS0

ubuntu-bionic login: ci-info: no authorized ssh keys fingerprints found for user ubuntu.
<14>Sep 20 16:51:54 ec2: 
<14>Sep 20 16:51:54 ec2: #############################################################
<14>Sep 20 16:51:54 ec2: -----BEGIN SSH HOST KEY FINGERPRINTS-----
<14>Sep 20 16:51:54 ec2: 1024 SHA256:Iy/xUBJVURU9/YCBnVAb7z2Ny4c4jP5N3uPaO6/RnbU root@ubuntu-bionic (DSA)
<14>Sep 20 16:51:54 ec2: 256 SHA256:j1512JIfgjxbZtcQpCImMpgj9FgwZLubxkGTJo7TObs root@ubuntu-bionic (ECDSA)
<14>Sep 20 16:51:54 ec2: 256 SHA256:+akmORvafKWXa6v447oNl0Jo1jCds50Gi6HjTIGm0ts root@ubuntu-bionic (ED25519)
<14>Sep 20 16:51:54 ec2: 2048 SHA256:d1iGZqYdhbGUqG3nmI1Yb5skYyytviEaoXEKLYI9hnM root@ubuntu-bionic (RSA)
<14>Sep 20 16:51:54 ec2: -----END SSH HOST KEY FINGERPRINTS-----
<14>Sep 20 16:51:54 ec2: #############################################################
-----BEGIN SSH HOST KEY KEYS-----
ecdsa-sha2-nistp256 AAAAE2VjZHNhLXNoYTItbmlzdHAyNTYAAAAIbmlzdHAyNTYAAABBBOEjKLE0xs/19r+HlC5wXDwA8zK6GLfBm6qvv4tlOVPbjelhe+rDEfRGCto2RR1rRo1Q6t3LP7SU/mwEt1/8u4o= root@ubuntu-bionic
ssh-ed25519 AAAAC3NzaC1lZDI1NTE5AAAAIGuxqteRmX7jhNAbF7/cfBMr4SNv4Pi7lopN/Jv08kPk root@ubuntu-bionic
ssh-rsa AAAAB3NzaC1yc2EAAAADAQABAAABAQDWn2pGG8UtAg3Jyq+oFWdXUReEC46lcswFIsee61YW8AFs3BodIDYmnQFmGnVfg4ue5nwnx43KvWUesX2K6N3Db16ELPciljA73IKwIMgzGUF7cZ1cGh/845bfTsr1sUYdhL9hoXz+5oT/dyzo7JAl//OUg3XLjeWfmyWnsiWddww2HR7JXOawM/dn1Ls/BJZf3QP6Dd2h9IzAQsOCmX1DzJOmNhRsl91nALxn7zbDuOP9zenej6b18eNS7rvqbTm3FCqaoe+RJQ6qVU2wTw9HlXguJwjpmXbE0OyBm+QLJlzOpx73oBC6E9H98jMxctUEVBJQJAmAmGXnnEX6fSJz root@ubuntu-bionic
-----END SSH HOST KEY KEYS-----
[   17.477679] cloud-init[1365]: Cloud-init v. 19.2-24-ge7881d5c-0ubuntu1~18.04.1 running 'modules:final' at Fri, 20 Sep 2019 16:51:54 +0000. Up 17.28 seconds.
[   17.477750] cloud-init[1365]: ci-info: no authorized ssh keys fingerprints found for user ubuntu.
[   17.478434] cloud-init[1365]: Cloud-init v. 19.2-24-ge7881d5c-0ubuntu1~18.04.1 finished at Fri, 20 Sep 2019 16:51:54 +0000. Datasource DataSourceNoCloud [seed=/dev/sdb][dsmode=net].  Up 17.47 seconds
